2024-06-20T00:21:58.684+05:30  INFO 9640 --- [EMIExtensionModule] [restartedMain] c.L.E.EmiExtensionApplication            : Starting EmiExtensionApplication using Java 17.0.9 with PID 9640 (C:\Users\2308945\OneDrive - Cognizant\Desktop\EMIExtension\EMIExtension\target\classes started by 2308945 in C:\Users\2308945\OneDrive - Cognizant\Desktop\EMIExtension\EMIExtension)
2024-06-20T00:21:58.724+05:30  INFO 9640 --- [EMIExtensionModule] [restartedMain] c.L.E.EmiExtensionApplication            : No active profile set, falling back to 1 default profile: "default"
2024-06-20T00:21:58.980+05:30  INFO 9640 --- [EMIExtensionModule] [restartedMain] .e.DevToolsPropertyDefaultsPostProcessor : Devtools property defaults active! Set 'spring.devtools.add-properties' to 'false' to disable
2024-06-20T00:21:58.981+05:30  INFO 9640 --- [EMIExtensionModule] [restartedMain] .e.DevToolsPropertyDefaultsPostProcessor : For additional web related logging consider setting the 'logging.level.web' property to 'DEBUG'
2024-06-20T00:22:02.070+05:30  INFO 9640 --- [EMIExtensionModule] [restartedMain] .s.d.r.c.RepositoryConfigurationDelegate : Bootstrapping Spring Data JPA repositories in DEFAULT mode.
2024-06-20T00:22:02.783+05:30  INFO 9640 --- [EMIExtensionModule] [restartedMain] .s.d.r.c.RepositoryConfigurationDelegate : Finished Spring Data repository scanning in 679 ms. Found 3 JPA repository interfaces.
2024-06-20T00:22:03.686+05:30  INFO 9640 --- [EMIExtensionModule] [restartedMain] o.s.cloud.context.scope.GenericScope     : BeanFactory id=5ca87e29-79f8-3ea8-91b2-242832e98ba0
2024-06-20T00:22:04.226+05:30  WARN 9640 --- [EMIExtensionModule] [restartedMain] trationDelegate$BeanPostProcessorChecker : Bean 'org.springframework.cloud.client.loadbalancer.LoadBalancerAutoConfiguration$LoadBalancerInterceptorConfig' of type [org.springframework.cloud.client.loadbalancer.LoadBalancerAutoConfiguration$LoadBalancerInterceptorConfig] is not eligible for getting processed by all BeanPostProcessors (for example: not eligible for auto-proxying). The currently created BeanPostProcessor [lbRestClientPostProcessor] is declared through a non-static factory method on that class; consider declaring it as static instead.
2024-06-20T00:22:04.243+05:30  WARN 9640 --- [EMIExtensionModule] [restartedMain] trationDelegate$BeanPostProcessorChecker : Bean 'org.springframework.cloud.loadbalancer.config.BlockingLoadBalancerClientAutoConfiguration' of type [org.springframework.cloud.loadbalancer.config.BlockingLoadBalancerClientAutoConfiguration] is not eligible for getting processed by all BeanPostProcessors (for example: not eligible for auto-proxying). Is this bean getting eagerly injected into a currently created BeanPostProcessor [lbRestClientPostProcessor]? Check the corresponding BeanPostProcessor declaration and its dependencies.
2024-06-20T00:22:04.248+05:30  WARN 9640 --- [EMIExtensionModule] [restartedMain] trationDelegate$BeanPostProcessorChecker : Bean 'org.springframework.cloud.loadbalancer.config.LoadBalancerAutoConfiguration' of type [org.springframework.cloud.loadbalancer.config.LoadBalancerAutoConfiguration] is not eligible for getting processed by all BeanPostProcessors (for example: not eligible for auto-proxying). Is this bean getting eagerly injected into a currently created BeanPostProcessor [lbRestClientPostProcessor]? Check the corresponding BeanPostProcessor declaration and its dependencies.
2024-06-20T00:22:04.297+05:30  WARN 9640 --- [EMIExtensionModule] [restartedMain] trationDelegate$BeanPostProcessorChecker : Bean 'org.springframework.cloud.commons.config.CommonsConfigAutoConfiguration' of type [org.springframework.cloud.commons.config.CommonsConfigAutoConfiguration] is not eligible for getting processed by all BeanPostProcessors (for example: not eligible for auto-proxying). Is this bean getting eagerly injected into a currently created BeanPostProcessor [lbRestClientPostProcessor]? Check the corresponding BeanPostProcessor declaration and its dependencies.
2024-06-20T00:22:04.315+05:30  WARN 9640 --- [EMIExtensionModule] [restartedMain] trationDelegate$BeanPostProcessorChecker : Bean 'org.springframework.cloud.client.loadbalancer.LoadBalancerDefaultMappingsProviderAutoConfiguration' of type [org.springframework.cloud.client.loadbalancer.LoadBalancerDefaultMappingsProviderAutoConfiguration] is not eligible for getting processed by all BeanPostProcessors (for example: not eligible for auto-proxying). Is this bean getting eagerly injected into a currently created BeanPostProcessor [lbRestClientPostProcessor]? Check the corresponding BeanPostProcessor declaration and its dependencies.
2024-06-20T00:22:04.321+05:30  WARN 9640 --- [EMIExtensionModule] [restartedMain] trationDelegate$BeanPostProcessorChecker : Bean 'loadBalancerClientsDefaultsMappingsProvider' of type [org.springframework.cloud.client.loadbalancer.LoadBalancerDefaultMappingsProviderAutoConfiguration$$Lambda$604/0x0000021c813bd3e0] is not eligible for getting processed by all BeanPostProcessors (for example: not eligible for auto-proxying). Is this bean getting eagerly injected into a currently created BeanPostProcessor [lbRestClientPostProcessor]? Check the corresponding BeanPostProcessor declaration and its dependencies.
2024-06-20T00:22:04.328+05:30  WARN 9640 --- [EMIExtensionModule] [restartedMain] trationDelegate$BeanPostProcessorChecker : Bean 'defaultsBindHandlerAdvisor' of type [org.springframework.cloud.commons.config.DefaultsBindHandlerAdvisor] is not eligible for getting processed by all BeanPostProcessors (for example: not eligible for auto-proxying). Is this bean getting eagerly injected into a currently created BeanPostProcessor [lbRestClientPostProcessor]? Check the corresponding BeanPostProcessor declaration and its dependencies.
2024-06-20T00:22:04.360+05:30  WARN 9640 --- [EMIExtensionModule] [restartedMain] trationDelegate$BeanPostProcessorChecker : Bean 'spring.cloud.loadbalancer-org.springframework.cloud.client.loadbalancer.LoadBalancerClientsProperties' of type [org.springframework.cloud.client.loadbalancer.LoadBalancerClientsProperties] is not eligible for getting processed by all BeanPostProcessors (for example: not eligible for auto-proxying). Is this bean getting eagerly injected into a currently created BeanPostProcessor [lbRestClientPostProcessor]? Check the corresponding BeanPostProcessor declaration and its dependencies.
2024-06-20T00:22:04.376+05:30  WARN 9640 --- [EMIExtensionModule] [restartedMain] trationDelegate$BeanPostProcessorChecker : Bean 'default.org.springframework.cloud.loadbalancer.config.LoadBalancerAutoConfiguration.LoadBalancerClientSpecification' of type [org.springframework.cloud.loadbalancer.annotation.LoadBalancerClientSpecification] is not eligible for getting processed by all BeanPostProcessors (for example: not eligible for auto-proxying). Is this bean getting eagerly injected into a currently created BeanPostProcessor [lbRestClientPostProcessor]? Check the corresponding BeanPostProcessor declaration and its dependencies.
2024-06-20T00:22:04.380+05:30  WARN 9640 --- [EMIExtensionModule] [restartedMain] trationDelegate$BeanPostProcessorChecker : Bean 'default.org.springframework.cloud.loadbalancer.config.BlockingLoadBalancerClientAutoConfiguration.LoadBalancerClientSpecification' of type [org.springframework.cloud.loadbalancer.annotation.LoadBalancerClientSpecification] is not eligible for getting processed by all BeanPostProcessors (for example: not eligible for auto-proxying). Is this bean getting eagerly injected into a currently created BeanPostProcessor [lbRestClientPostProcessor]? Check the corresponding BeanPostProcessor declaration and its dependencies.
2024-06-20T00:22:04.383+05:30  WARN 9640 --- [EMIExtensionModule] [restartedMain] trationDelegate$BeanPostProcessorChecker : Bean 'default.org.springframework.cloud.netflix.eureka.loadbalancer.LoadBalancerEurekaAutoConfiguration.LoadBalancerClientSpecification' of type [org.springframework.cloud.loadbalancer.annotation.LoadBalancerClientSpecification] is not eligible for getting processed by all BeanPostProcessors (for example: not eligible for auto-proxying). Is this bean getting eagerly injected into a currently created BeanPostProcessor [lbRestClientPostProcessor]? Check the corresponding BeanPostProcessor declaration and its dependencies.
2024-06-20T00:22:04.390+05:30  WARN 9640 --- [EMIExtensionModule] [restartedMain] trationDelegate$BeanPostProcessorChecker : Bean 'loadBalancerClientFactory' of type [org.springframework.cloud.loadbalancer.support.LoadBalancerClientFactory] is not eligible for getting processed by all BeanPostProcessors (for example: not eligible for auto-proxying). Is this bean getting eagerly injected into a currently created BeanPostProcessor [lbRestClientPostProcessor]? Check the corresponding BeanPostProcessor declaration and its dependencies.
2024-06-20T00:22:04.409+05:30  WARN 9640 --- [EMIExtensionModule] [restartedMain] trationDelegate$BeanPostProcessorChecker : Bean 'blockingLoadBalancerClient' of type [org.springframework.cloud.loadbalancer.blocking.client.BlockingLoadBalancerClient] is not eligible for getting processed by all BeanPostProcessors (for example: not eligible for auto-proxying). Is this bean getting eagerly injected into a currently created BeanPostProcessor [lbRestClientPostProcessor]? Check the corresponding BeanPostProcessor declaration and its dependencies.
2024-06-20T00:22:04.442+05:30  WARN 9640 --- [EMIExtensionModule] [restartedMain] trationDelegate$BeanPostProcessorChecker : Bean 'loadBalancerServiceInstanceCookieTransformer' of type [org.springframework.cloud.loadbalancer.core.LoadBalancerServiceInstanceCookieTransformer] is not eligible for getting processed by all BeanPostProcessors (for example: not eligible for auto-proxying). Is this bean getting eagerly injected into a currently created BeanPostProcessor [lbRestClientPostProcessor]? Check the corresponding BeanPostProcessor declaration and its dependencies.
2024-06-20T00:22:04.449+05:30  WARN 9640 --- [EMIExtensionModule] [restartedMain] trationDelegate$BeanPostProcessorChecker : Bean 'xForwarderHeadersTransformer' of type [org.springframework.cloud.loadbalancer.blocking.XForwardedHeadersTransformer] is not eligible for getting processed by all BeanPostProcessors (for example: not eligible for auto-proxying). Is this bean getting eagerly injected into a currently created BeanPostProcessor [lbRestClientPostProcessor]? Check the corresponding BeanPostProcessor declaration and its dependencies.
2024-06-20T00:22:04.455+05:30  WARN 9640 --- [EMIExtensionModule] [restartedMain] trationDelegate$BeanPostProcessorChecker : Bean 'org.springframework.cloud.client.loadbalancer.LoadBalancerAutoConfiguration' of type [org.springframework.cloud.client.loadbalancer.LoadBalancerAutoConfiguration] is not eligible for getting processed by all BeanPostProcessors (for example: not eligible for auto-proxying). Is this bean getting eagerly injected into a currently created BeanPostProcessor [lbRestClientPostProcessor]? Check the corresponding BeanPostProcessor declaration and its dependencies.
2024-06-20T00:22:04.461+05:30  WARN 9640 --- [EMIExtensionModule] [restartedMain] trationDelegate$BeanPostProcessorChecker : Bean 'loadBalancerRequestFactory' of type [org.springframework.cloud.client.loadbalancer.LoadBalancerRequestFactory] is not eligible for getting processed by all BeanPostProcessors (for example: not eligible for auto-proxying). Is this bean getting eagerly injected into a currently created BeanPostProcessor [lbRestClientPostProcessor]? Check the corresponding BeanPostProcessor declaration and its dependencies.
2024-06-20T00:22:04.465+05:30  WARN 9640 --- [EMIExtensionModule] [restartedMain] trationDelegate$BeanPostProcessorChecker : Bean 'loadBalancerInterceptor' of type [org.springframework.cloud.client.loadbalancer.LoadBalancerInterceptor] is not eligible for getting processed by all BeanPostProcessors (for example: not eligible for auto-proxying). Is this bean getting eagerly injected into a currently created BeanPostProcessor [lbRestClientPostProcessor]? Check the corresponding BeanPostProcessor declaration and its dependencies.
2024-06-20T00:22:04.579+05:30 ERROR 9640 --- [EMIExtensionModule] [restartedMain] o.a.catalina.core.AprLifecycleListener   : An incompatible version [1.2.23] of the Apache Tomcat Native library is installed, while Tomcat requires version [1.2.34]
2024-06-20T00:22:05.837+05:30  INFO 9640 --- [EMIExtensionModule] [restartedMain] o.s.b.w.embedded.tomcat.TomcatWebServer  : Tomcat initialized with port 8080 (http)
2024-06-20T00:22:05.881+05:30  INFO 9640 --- [EMIExtensionModule] [restartedMain] o.apache.catalina.core.StandardService   : Starting service [Tomcat]
2024-06-20T00:22:05.882+05:30  INFO 9640 --- [EMIExtensionModule] [restartedMain] o.apache.catalina.core.StandardEngine    : Starting Servlet engine: [Apache Tomcat/10.1.17]
2024-06-20T00:22:06.295+05:30  INFO 9640 --- [EMIExtensionModule] [restartedMain] o.a.c.c.C.[Tomcat].[localhost].[/]       : Initializing Spring embedded WebApplicationContext
2024-06-20T00:22:06.297+05:30  INFO 9640 --- [EMIExtensionModule] [restartedMain] w.s.c.ServletWebServerApplicationContext : Root WebApplicationContext: initialization completed in 7314 ms
2024-06-20T00:22:06.818+05:30  INFO 9640 --- [EMIExtensionModule] [restartedMain] o.hibernate.jpa.internal.util.LogHelper  : HHH000204: Processing PersistenceUnitInfo [name: default]
2024-06-20T00:22:07.073+05:30  INFO 9640 --- [EMIExtensionModule] [restartedMain] org.hibernate.Version                    : HHH000412: Hibernate ORM core version 6.4.1.Final
2024-06-20T00:22:07.196+05:30  INFO 9640 --- [EMIExtensionModule] [restartedMain] o.h.c.internal.RegionFactoryInitiator    : HHH000026: Second-level cache disabled
2024-06-20T00:22:08.550+05:30  INFO 9640 --- [EMIExtensionModule] [restartedMain] o.s.o.j.p.SpringPersistenceUnitInfo      : No LoadTimeWeaver setup: ignoring JPA class transformer
2024-06-20T00:22:08.692+05:30  INFO 9640 --- [EMIExtensionModule] [restartedMain] com.zaxxer.hikari.HikariDataSource       : HikariPool-1 - Starting...
2024-06-20T00:22:09.954+05:30  INFO 9640 --- [EMIExtensionModule] [restartedMain] com.zaxxer.hikari.pool.HikariPool        : HikariPool-1 - Added connection com.mysql.cj.jdbc.ConnectionImpl@5481bfe8
2024-06-20T00:22:09.962+05:30  INFO 9640 --- [EMIExtensionModule] [restartedMain] com.zaxxer.hikari.HikariDataSource       : HikariPool-1 - Start completed.
2024-06-20T00:22:13.058+05:30  INFO 9640 --- [EMIExtensionModule] [restartedMain] o.h.e.t.j.p.i.JtaPlatformInitiator       : HHH000489: No JTA platform available (set 'hibernate.transaction.jta.platform' to enable JTA platform integration)
2024-06-20T00:22:13.357+05:30  INFO 9640 --- [EMIExtensionModule] [restartedMain] j.LocalContainerEntityManagerFactoryBean : Initialized JPA EntityManagerFactory for persistence unit 'default'
2024-06-20T00:22:14.080+05:30  INFO 9640 --- [EMIExtensionModule] [restartedMain] o.s.d.j.r.query.QueryEnhancerFactory     : Hibernate is in classpath; If applicable, HQL parser will be used.
2024-06-20T00:22:15.795+05:30  WARN 9640 --- [EMIExtensionModule] [restartedMain] JpaBaseConfiguration$JpaWebConfiguration : spring.jpa.open-in-view is enabled by default. Therefore, database queries may be performed during view rendering. Explicitly configure spring.jpa.open-in-view to disable this warning
2024-06-20T00:22:17.053+05:30  INFO 9640 --- [EMIExtensionModule] [restartedMain] o.s.b.d.a.OptionalLiveReloadServer       : LiveReload server is running on port 35729
2024-06-20T00:22:17.486+05:30  INFO 9640 --- [EMIExtensionModule] [restartedMain] DiscoveryClientOptionalArgsConfiguration : Eureka HTTP Client uses RestTemplate.
2024-06-20T00:22:17.961+05:30  WARN 9640 --- [EMIExtensionModule] [restartedMain] iguration$LoadBalancerCaffeineWarnLogger : Spring Cloud LoadBalancer is currently working with the default cache. While this cache implementation is useful for development and tests, it's recommended to use Caffeine cache in production.You can switch to using Caffeine cache, by adding it and org.springframework.cache.caffeine.CaffeineCacheManager to the classpath.
2024-06-20T00:22:18.029+05:30  INFO 9640 --- [EMIExtensionModule] [restartedMain] o.s.c.n.eureka.InstanceInfoFactory       : Setting initial instance status as: STARTING
2024-06-20T00:22:18.254+05:30  INFO 9640 --- [EMIExtensionModule] [restartedMain] com.netflix.discovery.DiscoveryClient    : Initializing Eureka in region us-east-1
2024-06-20T00:22:18.271+05:30  INFO 9640 --- [EMIExtensionModule] [restartedMain] c.n.d.s.r.aws.ConfigClusterResolver      : Resolving eureka endpoints via configuration
2024-06-20T00:22:18.361+05:30  INFO 9640 --- [EMIExtensionModule] [restartedMain] com.netflix.discovery.DiscoveryClient    : Disable delta property : false
2024-06-20T00:22:18.362+05:30  INFO 9640 --- [EMIExtensionModule] [restartedMain] com.netflix.discovery.DiscoveryClient    : Single vip registry refresh property : null
2024-06-20T00:22:18.362+05:30  INFO 9640 --- [EMIExtensionModule] [restartedMain] com.netflix.discovery.DiscoveryClient    : Force full registry fetch : false
2024-06-20T00:22:18.364+05:30  INFO 9640 --- [EMIExtensionModule] [restartedMain] com.netflix.discovery.DiscoveryClient    : Application is null : false
2024-06-20T00:22:18.365+05:30  INFO 9640 --- [EMIExtensionModule] [restartedMain] com.netflix.discovery.DiscoveryClient    : Registered Applications size is zero : true
2024-06-20T00:22:18.365+05:30  INFO 9640 --- [EMIExtensionModule] [restartedMain] com.netflix.discovery.DiscoveryClient    : Application version is -1: true
2024-06-20T00:22:18.365+05:30  INFO 9640 --- [EMIExtensionModule] [restartedMain] com.netflix.discovery.DiscoveryClient    : Getting all instance registry info from the eureka server
2024-06-20T00:22:20.232+05:30  INFO 9640 --- [EMIExtensionModule] [restartedMain] com.netflix.discovery.DiscoveryClient    : The response status is 200
2024-06-20T00:22:20.239+05:30  INFO 9640 --- [EMIExtensionModule] [restartedMain] com.netflix.discovery.DiscoveryClient    : Starting heartbeat executor: renew interval is: 30
2024-06-20T00:22:20.246+05:30  INFO 9640 --- [EMIExtensionModule] [restartedMain] c.n.discovery.InstanceInfoReplicator     : InstanceInfoReplicator onDemand update allowed rate per min is 4
2024-06-20T00:22:20.267+05:30  INFO 9640 --- [EMIExtensionModule] [restartedMain] com.netflix.discovery.DiscoveryClient    : Discovery Client initialized at timestamp 1718823140263 with initial instances count: 0
2024-06-20T00:22:20.278+05:30  INFO 9640 --- [EMIExtensionModule] [restartedMain] o.s.c.n.e.s.EurekaServiceRegistry        : Registering application EMIEXTENSIONMODULE with eureka with status UP
2024-06-20T00:22:20.282+05:30  INFO 9640 --- [EMIExtensionModule] [restartedMain] com.netflix.discovery.DiscoveryClient    : Saw local status change event StatusChangeEvent [timestamp=1718823140282, current=UP, previous=STARTING]
2024-06-20T00:22:20.288+05:30  INFO 9640 --- [EMIExtensionModule] [DiscoveryClient-InstanceInfoReplicator-0] com.netflix.discovery.DiscoveryClient    : DiscoveryClient_EMIEXTENSIONMODULE/LTIN229448.cts.com:EMIExtensionModule: registering service...
2024-06-20T00:22:20.371+05:30  INFO 9640 --- [EMIExtensionModule] [restartedMain] o.s.b.w.embedded.tomcat.TomcatWebServer  : Tomcat started on port 8080 (http) with context path ''
2024-06-20T00:22:20.374+05:30  INFO 9640 --- [EMIExtensionModule] [restartedMain] .s.c.n.e.s.EurekaAutoServiceRegistration : Updating port to 8080
2024-06-20T00:22:20.750+05:30  INFO 9640 --- [EMIExtensionModule] [DiscoveryClient-InstanceInfoReplicator-0] com.netflix.discovery.DiscoveryClient    : DiscoveryClient_EMIEXTENSIONMODULE/LTIN229448.cts.com:EMIExtensionModule - registration status: 204
2024-06-20T00:22:20.860+05:30  INFO 9640 --- [EMIExtensionModule] [restartedMain] c.L.E.EmiExtensionApplication            : Started EmiExtensionApplication in 24.439 seconds (process running for 27.353)
2024-06-20T00:22:38.811+05:30  INFO 9640 --- [EMIExtensionModule] [http-nio-8080-exec-1] o.a.c.c.C.[Tomcat].[localhost].[/]       : Initializing Spring DispatcherServlet 'dispatcherServlet'
2024-06-20T00:22:38.812+05:30  INFO 9640 --- [EMIExtensionModule] [http-nio-8080-exec-1] o.s.web.servlet.DispatcherServlet        : Initializing Servlet 'dispatcherServlet'
2024-06-20T00:22:38.816+05:30  INFO 9640 --- [EMIExtensionModule] [http-nio-8080-exec-1] o.s.web.servlet.DispatcherServlet        : Completed initialization in 3 ms
2024-06-20T00:22:38.899+05:30 TRACE 9640 --- [EMIExtensionModule] [http-nio-8080-exec-1] c.L.E.C.ExtensionReasonsController       : Get All Reasons method called
2024-06-20T00:22:50.251+05:30  INFO 9640 --- [EMIExtensionModule] [DiscoveryClient-CacheRefreshExecutor-0] com.netflix.discovery.DiscoveryClient    : Disable delta property : false
2024-06-20T00:22:50.251+05:30  INFO 9640 --- [EMIExtensionModule] [DiscoveryClient-CacheRefreshExecutor-0] com.netflix.discovery.DiscoveryClient    : Single vip registry refresh property : null
2024-06-20T00:22:50.251+05:30  INFO 9640 --- [EMIExtensionModule] [DiscoveryClient-CacheRefreshExecutor-0] com.netflix.discovery.DiscoveryClient    : Force full registry fetch : false
2024-06-20T00:22:50.251+05:30  INFO 9640 --- [EMIExtensionModule] [DiscoveryClient-CacheRefreshExecutor-0] com.netflix.discovery.DiscoveryClient    : Application is null : false
2024-06-20T00:22:50.252+05:30  INFO 9640 --- [EMIExtensionModule] [DiscoveryClient-CacheRefreshExecutor-0] com.netflix.discovery.DiscoveryClient    : Registered Applications size is zero : true
2024-06-20T00:22:50.252+05:30  INFO 9640 --- [EMIExtensionModule] [DiscoveryClient-CacheRefreshExecutor-0] com.netflix.discovery.DiscoveryClient    : Application version is -1: false
2024-06-20T00:22:50.252+05:30  INFO 9640 --- [EMIExtensionModule] [DiscoveryClient-CacheRefreshExecutor-0] com.netflix.discovery.DiscoveryClient    : Getting all instance registry info from the eureka server
2024-06-20T00:22:50.295+05:30  INFO 9640 --- [EMIExtensionModule] [DiscoveryClient-CacheRefreshExecutor-0] com.netflix.discovery.DiscoveryClient    : The response status is 200
2024-06-20T00:23:49.853+05:30 TRACE 9640 --- [EMIExtensionModule] [http-nio-8080-exec-8] c.L.E.C.ExtensionRequestsController      : request created for emi extension
2024-06-20T00:24:02.951+05:30 TRACE 9640 --- [EMIExtensionModule] [http-nio-8080-exec-3] c.L.E.C.ExtensionRequestsController      : Get Particular Request Method Called
2024-06-20T00:24:02.983+05:30 TRACE 9640 --- [EMIExtensionModule] [http-nio-8080-exec-9] .C.ExtensionsRequestsResponsesController : Response fetched
2024-06-20T00:24:39.607+05:30 TRACE 9640 --- [EMIExtensionModule] [http-nio-8080-exec-4] c.L.E.C.ExtensionReasonsController       : Get All Reasons method called
2024-06-20T00:24:48.201+05:30 TRACE 9640 --- [EMIExtensionModule] [http-nio-8080-exec-2] c.L.E.C.ExtensionReasonsController       : Get All Reasons method called
2024-06-20T00:24:48.228+05:30 TRACE 9640 --- [EMIExtensionModule] [http-nio-8080-exec-3] c.L.E.C.ExtensionReasonsController       : reason deleted
2024-06-20T00:24:48.248+05:30 TRACE 9640 --- [EMIExtensionModule] [http-nio-8080-exec-9] c.L.E.C.ExtensionReasonsController       : Get All Reasons method called
2024-06-20T00:24:52.919+05:30 TRACE 9640 --- [EMIExtensionModule] [http-nio-8080-exec-6] c.L.E.C.ExtensionRequestsController      : All requests with New Status are Fetched
2024-06-20T00:24:57.317+05:30 TRACE 9640 --- [EMIExtensionModule] [http-nio-8080-exec-1] c.L.E.C.ExtensionRequestsController      : Get Particular Request Method Called
2024-06-20T00:25:18.689+05:30 TRACE 9640 --- [EMIExtensionModule] [http-nio-8080-exec-2] c.L.E.C.ExtensionRequestsController      : Status Updated
2024-06-20T00:25:18.702+05:30 TRACE 9640 --- [EMIExtensionModule] [http-nio-8080-exec-3] .C.ExtensionsRequestsResponsesController : Respone method called to give the Response
2024-06-20T00:25:31.175+05:30 TRACE 9640 --- [EMIExtensionModule] [http-nio-8080-exec-7] c.L.E.C.ExtensionRequestsController      : Get Particular Request Method Called
2024-06-20T00:25:31.176+05:30 TRACE 9640 --- [EMIExtensionModule] [http-nio-8080-exec-10] .C.ExtensionsRequestsResponsesController : Response fetched
